{
  "version": "1.5.0",
  "plugins_used": [
    {
      "name": "ArtifactoryDetector"
    },
    {
      "name": "AWSKeyDetector"
    },
    {
      "name": "AzureStorageKeyDetector"
    },
    {
      "name": "Base64HighEntropyString",
      "limit": 4.5
    },
    {
      "name": "BasicAuthDetector"
    },
    {
      "name": "CloudantDetector"
    },
    {
      "name": "DiscordBotTokenDetector"
    },
    {
      "name": "GitHubTokenDetector"
    },
    {
      "name": "GitLabTokenDetector"
    },
    {
      "name": "HexHighEntropyString",
      "limit": 3.0
    },
    {
      "name": "IbmCloudIamDetector"
    },
    {
      "name": "IbmCosHmacDetector"
    },
    {
      "name": "IPPublicDetector"
    },
    {
      "name": "JwtTokenDetector"
    },
    {
      "name": "KeywordDetector",
      "keyword_exclude": ""
    },
    {
      "name": "MailchimpDetector"
    },
    {
      "name": "NpmDetector"
    },
    {
      "name": "OpenAIDetector"
    },
    {
      "name": "PrivateKeyDetector"
    },
    {
      "name": "PypiTokenDetector"
    },
    {
      "name": "SendGridDetector"
    },
    {
      "name": "SlackDetector"
    },
    {
      "name": "SoftlayerDetector"
    },
    {
      "name": "SquareOAuthDetector"
    },
    {
      "name": "StripeDetector"
    },
    {
      "name": "TelegramBotTokenDetector"
    },
    {
      "name": "TwilioKeyDetector"
    }
  ],
  "filters_used": [
    {
      "path": "detect_secrets.filters.allowlist.is_line_allowlisted"
    },
    {
      "path": "detect_secrets.filters.common.is_ignored_due_to_verification_policies",
      "min_level": 2
    },
    {
      "path": "detect_secrets.filters.heuristic.is_indirect_reference"
    },
    {
      "path": "detect_secrets.filters.heuristic.is_likely_id_string"
    },
    {
      "path": "detect_secrets.filters.heuristic.is_lock_file"
    },
    {
      "path": "detect_secrets.filters.heuristic.is_not_alphanumeric_string"
    },
    {
      "path": "detect_secrets.filters.heuristic.is_potential_uuid"
    },
    {
      "path": "detect_secrets.filters.heuristic.is_prefixed_with_dollar_sign"
    },
    {
      "path": "detect_secrets.filters.heuristic.is_sequential_string"
    },
    {
      "path": "detect_secrets.filters.heuristic.is_swagger_file"
    },
    {
      "path": "detect_secrets.filters.heuristic.is_templated_secret"
    }
  ],
  "results": {
    ".claude-mpm/PM_INSTRUCTIONS.md.meta": [
      {
        "type": "Hex High Entropy String",
        "filename": ".claude-mpm/PM_INSTRUCTIONS.md.meta",
        "hashed_secret": "437688fe2415c3b14d6584ee07b788a801c49403",
        "is_verified": false,
        "line_number": 11
      }
    ],
    ".claude-mpm/agents/engineer/data/typescript-engineer.md": [
      {
        "type": "Hex High Entropy String",
        "filename": ".claude-mpm/agents/engineer/data/typescript-engineer.md",
        "hashed_secret": "960903f95946e89e7a21ab56be937700ab2fcc15",
        "is_verified": false,
        "line_number": 253
      }
    ],
    ".claude/agents/.dependency_cache": [
      {
        "type": "Hex High Entropy String",
        "filename": ".claude/agents/.dependency_cache",
        "hashed_secret": "ad5ae2390fd3e1b2f246a58a4bfbf9a54f2a5c4f",
        "is_verified": false,
        "line_number": 2
      },
      {
        "type": "Hex High Entropy String",
        "filename": ".claude/agents/.dependency_cache",
        "hashed_secret": "fbca6ca9f8c8d26c9e4c1e0fae94e75369d24a89",
        "is_verified": false,
        "line_number": 15
      }
    ],
    ".claude/agents/.mpm_deployment_state": [
      {
        "type": "Hex High Entropy String",
        "filename": ".claude/agents/.mpm_deployment_state",
        "hashed_secret": "fbca6ca9f8c8d26c9e4c1e0fae94e75369d24a89",
        "is_verified": false,
        "line_number": 2
      }
    ],
    ".claude/agents/ops.md": [
      {
        "type": "Secret Keyword",
        "filename": ".claude/agents/ops.md",
        "hashed_secret": "7a39610968ab6e6e3eedfaf02e526e61df0d1adb",
        "is_verified": false,
        "line_number": 201
      },
      {
        "type": "Secret Keyword",
        "filename": ".claude/agents/ops.md",
        "hashed_secret": "ec3810e10fb78db55ce38b9c18d1c3eb1db739e0",
        "is_verified": false,
        "line_number": 202
      },
      {
        "type": "Private Key",
        "filename": ".claude/agents/ops.md",
        "hashed_secret": "1348b145fa1a555461c1b790a2f66614781091e9",
        "is_verified": false,
        "line_number": 203
      },
      {
        "type": "Basic Auth Credentials",
        "filename": ".claude/agents/ops.md",
        "hashed_secret": "9d4e1e23bd5b727046a9e3b4b7db57bd8d6ee684",
        "is_verified": false,
        "line_number": 204
      }
    ],
    ".claude/agents/security.md": [
      {
        "type": "Private Key",
        "filename": ".claude/agents/security.md",
        "hashed_secret": "1348b145fa1a555461c1b790a2f66614781091e9",
        "is_verified": false,
        "line_number": 242
      },
      {
        "type": "Private Key",
        "filename": ".claude/agents/security.md",
        "hashed_secret": "be4fc4886bd949b369d5e092eb87494f12e57e5b",
        "is_verified": false,
        "line_number": 242
      },
      {
        "type": "Secret Keyword",
        "filename": ".claude/agents/security.md",
        "hashed_secret": "31f778da02225ae6ad3442c408a4a8f5a60599b7",
        "is_verified": false,
        "line_number": 465
      }
    ],
    ".claude/agents/typescript-engineer.md": [
      {
        "type": "Hex High Entropy String",
        "filename": ".claude/agents/typescript-engineer.md",
        "hashed_secret": "960903f95946e89e7a21ab56be937700ab2fcc15",
        "is_verified": false,
        "line_number": 85
      }
    ],
    "API_INTEGRATION_TESTS_SUMMARY.md": [
      {
        "type": "Secret Keyword",
        "filename": "API_INTEGRATION_TESTS_SUMMARY.md",
        "hashed_secret": "96c682c88ed551f22fe76d206c2dfb7df9221ad9",
        "is_verified": false,
        "line_number": 106
      }
    ],
    "E2E_TESTS_CREATED.md": [
      {
        "type": "Secret Keyword",
        "filename": "E2E_TESTS_CREATED.md",
        "hashed_secret": "96c682c88ed551f22fe76d206c2dfb7df9221ad9",
        "is_verified": false,
        "line_number": 149
      }
    ],
    "E2E_TEST_FRAMEWORK.md": [
      {
        "type": "Secret Keyword",
        "filename": "E2E_TEST_FRAMEWORK.md",
        "hashed_secret": "e3603fb4f60072e98664f69d40db625e72d7aec8",
        "is_verified": false,
        "line_number": 246
      }
    ],
    "IMPORT_SERVICE_IMPLEMENTATION.md": [
      {
        "type": "Secret Keyword",
        "filename": "IMPORT_SERVICE_IMPLEMENTATION.md",
        "hashed_secret": "a219d7693c25cd2d93313512e200ff3eb374d281",
        "is_verified": false,
        "line_number": 143
      }
    ],
    "KNOWLEDGE_CLI.md": [
      {
        "type": "Secret Keyword",
        "filename": "KNOWLEDGE_CLI.md",
        "hashed_secret": "11fa7c37d697f30e6aee828b4426a10f83ab2380",
        "is_verified": false,
        "line_number": 11
      },
      {
        "type": "Secret Keyword",
        "filename": "KNOWLEDGE_CLI.md",
        "hashed_secret": "d413f4d18c4c123dd52776f417b792efdec29c6a",
        "is_verified": false,
        "line_number": 12
      }
    ],
    "MODEL_EVAL_COMPLETE.md": [
      {
        "type": "Secret Keyword",
        "filename": "MODEL_EVAL_COMPLETE.md",
        "hashed_secret": "6d9c68c603e465077bdd49c62347fe54717f83a3",
        "is_verified": false,
        "line_number": 208
      }
    ],
    "PERSONA_E2E_TESTS.md": [
      {
        "type": "Secret Keyword",
        "filename": "PERSONA_E2E_TESTS.md",
        "hashed_secret": "fb68266a0ecb6644636422a30ffe8948c8b3733e",
        "is_verified": false,
        "line_number": 150
      }
    ],
    "data/vectors/travel-knowledge/index.json": [
      {
        "type": "Hex High Entropy String",
        "filename": "data/vectors/travel-knowledge/index.json",
        "hashed_secret": "113b94d19d48555d3e9a832126228bb8e2b5e0b5",
        "is_verified": false,
        "line_number": 1
      },
      {
        "type": "Hex High Entropy String",
        "filename": "data/vectors/travel-knowledge/index.json",
        "hashed_secret": "174c9fc19972882f69a8fb0571882ae1e3fa441d",
        "is_verified": false,
        "line_number": 1
      },
      {
        "type": "Hex High Entropy String",
        "filename": "data/vectors/travel-knowledge/index.json",
        "hashed_secret": "190e3a3856682ca9a31a2d251aef71d47addaadc",
        "is_verified": false,
        "line_number": 1
      },
      {
        "type": "Hex High Entropy String",
        "filename": "data/vectors/travel-knowledge/index.json",
        "hashed_secret": "19ccab7f1356c472869299f7c665d6111f3e6d8b",
        "is_verified": false,
        "line_number": 1
      },
      {
        "type": "Hex High Entropy String",
        "filename": "data/vectors/travel-knowledge/index.json",
        "hashed_secret": "22ad80d6ce54902823f9270f944a60f23d7f4e8c",
        "is_verified": false,
        "line_number": 1
      },
      {
        "type": "Hex High Entropy String",
        "filename": "data/vectors/travel-knowledge/index.json",
        "hashed_secret": "2b48de30612ca4694a9d8435035685106280bc53",
        "is_verified": false,
        "line_number": 1
      },
      {
        "type": "Hex High Entropy String",
        "filename": "data/vectors/travel-knowledge/index.json",
        "hashed_secret": "32bdfdabbbf2a5f62ddec2c35890902ddfb9e626",
        "is_verified": false,
        "line_number": 1
      },
      {
        "type": "Hex High Entropy String",
        "filename": "data/vectors/travel-knowledge/index.json",
        "hashed_secret": "40cfc5fb3e4d31747d6a1379ff39ae4b83920806",
        "is_verified": false,
        "line_number": 1
      },
      {
        "type": "Hex High Entropy String",
        "filename": "data/vectors/travel-knowledge/index.json",
        "hashed_secret": "4bd21f4f4e112f18e17e0877f9a4d4beb38dbf28",
        "is_verified": false,
        "line_number": 1
      },
      {
        "type": "Hex High Entropy String",
        "filename": "data/vectors/travel-knowledge/index.json",
        "hashed_secret": "5441bbff78e5fe4f8cfef0790db26cc338da41b8",
        "is_verified": false,
        "line_number": 1
      },
      {
        "type": "Hex High Entropy String",
        "filename": "data/vectors/travel-knowledge/index.json",
        "hashed_secret": "5de2bb1fe3adebf9f12ad5b8317ab0a1bad6bd17",
        "is_verified": false,
        "line_number": 1
      },
      {
        "type": "Hex High Entropy String",
        "filename": "data/vectors/travel-knowledge/index.json",
        "hashed_secret": "73599c78f365740497c1ff8d304864a5b1aa52e5",
        "is_verified": false,
        "line_number": 1
      },
      {
        "type": "Hex High Entropy String",
        "filename": "data/vectors/travel-knowledge/index.json",
        "hashed_secret": "7e91139289a6878e15e6c54d6166b93137cbf0f3",
        "is_verified": false,
        "line_number": 1
      },
      {
        "type": "Hex High Entropy String",
        "filename": "data/vectors/travel-knowledge/index.json",
        "hashed_secret": "8ab29f438768607824f9181f25dd69a1b7721157",
        "is_verified": false,
        "line_number": 1
      },
      {
        "type": "Hex High Entropy String",
        "filename": "data/vectors/travel-knowledge/index.json",
        "hashed_secret": "99a657ae9963f94f3bd77ed0d70b1fd1367083a0",
        "is_verified": false,
        "line_number": 1
      },
      {
        "type": "Hex High Entropy String",
        "filename": "data/vectors/travel-knowledge/index.json",
        "hashed_secret": "9c77a968d0cd23eeb91e9a642f855aaa86eb3692",
        "is_verified": false,
        "line_number": 1
      },
      {
        "type": "Hex High Entropy String",
        "filename": "data/vectors/travel-knowledge/index.json",
        "hashed_secret": "9ea850f6b358b7f37f61192ccfa7d384585450a5",
        "is_verified": false,
        "line_number": 1
      },
      {
        "type": "Hex High Entropy String",
        "filename": "data/vectors/travel-knowledge/index.json",
        "hashed_secret": "9f26cfe8ea911ff094aee3c3dd51700112823007",
        "is_verified": false,
        "line_number": 1
      },
      {
        "type": "Hex High Entropy String",
        "filename": "data/vectors/travel-knowledge/index.json",
        "hashed_secret": "a24c548e32ffb8a267a1b2ba0f7c935b6632c82c",
        "is_verified": false,
        "line_number": 1
      },
      {
        "type": "Hex High Entropy String",
        "filename": "data/vectors/travel-knowledge/index.json",
        "hashed_secret": "a441cabbfac8f0e094dd45bee97675c3b3fe222e",
        "is_verified": false,
        "line_number": 1
      },
      {
        "type": "Hex High Entropy String",
        "filename": "data/vectors/travel-knowledge/index.json",
        "hashed_secret": "d397817877fd6c1e76535e2c06db4e6888133076",
        "is_verified": false,
        "line_number": 1
      },
      {
        "type": "Hex High Entropy String",
        "filename": "data/vectors/travel-knowledge/index.json",
        "hashed_secret": "d5e1825273741b89eb616ec02d51399617622d85",
        "is_verified": false,
        "line_number": 1
      },
      {
        "type": "Hex High Entropy String",
        "filename": "data/vectors/travel-knowledge/index.json",
        "hashed_secret": "db098b7033faa27cbd88460d9a2cbc95f65d2019",
        "is_verified": false,
        "line_number": 1
      },
      {
        "type": "Hex High Entropy String",
        "filename": "data/vectors/travel-knowledge/index.json",
        "hashed_secret": "de0f5939ad33435380003aa56bf3a9550004dc5e",
        "is_verified": false,
        "line_number": 1
      },
      {
        "type": "Hex High Entropy String",
        "filename": "data/vectors/travel-knowledge/index.json",
        "hashed_secret": "ead764b70203623bf901292c2dd2e1a3a6c44ff7",
        "is_verified": false,
        "line_number": 1
      },
      {
        "type": "Hex High Entropy String",
        "filename": "data/vectors/travel-knowledge/index.json",
        "hashed_secret": "f482bc123dabc420816b9f232c6bf4380f6a521b",
        "is_verified": false,
        "line_number": 1
      },
      {
        "type": "Hex High Entropy String",
        "filename": "data/vectors/travel-knowledge/index.json",
        "hashed_secret": "f9064c073c0ff652adc93794443de63c4a058b3b",
        "is_verified": false,
        "line_number": 1
      }
    ],
    "docs/KNOWLEDGE_GRAPH.md": [
      {
        "type": "Secret Keyword",
        "filename": "docs/KNOWLEDGE_GRAPH.md",
        "hashed_secret": "ec3810e10fb78db55ce38b9c18d1c3eb1db739e0",
        "is_verified": false,
        "line_number": 162
      }
    ],
    "docs/QUICK_START_TRIP_DESIGNER.md": [
      {
        "type": "Secret Keyword",
        "filename": "docs/QUICK_START_TRIP_DESIGNER.md",
        "hashed_secret": "96c682c88ed551f22fe76d206c2dfb7df9221ad9",
        "is_verified": false,
        "line_number": 9
      }
    ],
    "docs/TRIP_DESIGNER_IMPLEMENTATION.md": [
      {
        "type": "Secret Keyword",
        "filename": "docs/TRIP_DESIGNER_IMPLEMENTATION.md",
        "hashed_secret": "11fa7c37d697f30e6aee828b4426a10f83ab2380",
        "is_verified": false,
        "line_number": 85
      }
    ],
    "docs/TRIP_MATCHING_GUIDE.md": [
      {
        "type": "Hex High Entropy String",
        "filename": "docs/TRIP_MATCHING_GUIDE.md",
        "hashed_secret": "ce8ca0e6c2b56bffd5a34a5893cb2ec53d467aa3",
        "is_verified": false,
        "line_number": 207
      }
    ],
    "docs/research/auth-and-api-key-management-2025-12-23.md": [
      {
        "type": "Hex High Entropy String",
        "filename": "docs/research/auth-and-api-key-management-2025-12-23.md",
        "hashed_secret": "d967d3d6aa147e43e25bb24b967e1a4bbca8fb9a",
        "is_verified": false,
        "line_number": 80
      },
      {
        "type": "Secret Keyword",
        "filename": "docs/research/auth-and-api-key-management-2025-12-23.md",
        "hashed_secret": "d967d3d6aa147e43e25bb24b967e1a4bbca8fb9a",
        "is_verified": false,
        "line_number": 80
      }
    ],
    "docs/research/trip-creation-api-endpoints-analysis-2025-12-24.md": [
      {
        "type": "Secret Keyword",
        "filename": "docs/research/trip-creation-api-endpoints-analysis-2025-12-24.md",
        "hashed_secret": "a219d7693c25cd2d93313512e200ff3eb374d281",
        "is_verified": false,
        "line_number": 190
      }
    ],
    "evals/results/trip-designer-eval.json": [
      {
        "type": "Hex High Entropy String",
        "filename": "evals/results/trip-designer-eval.json",
        "hashed_secret": "c136b7b61825cd6cb7f097d1e882a510bacc023a",
        "is_verified": false,
        "line_number": 11
      },
      {
        "type": "Secret Keyword",
        "filename": "evals/results/trip-designer-eval.json",
        "hashed_secret": "96133e4265d7a277409c8094e5eff6a41934cf07",
        "is_verified": false,
        "line_number": 198
      }
    ],
    "examples/README.md": [
      {
        "type": "Secret Keyword",
        "filename": "examples/README.md",
        "hashed_secret": "aecdccc1cf64595b34e0cc152d238daabb32183a",
        "is_verified": false,
        "line_number": 20
      }
    ],
    "examples/travel-agent-demo.ts": [
      {
        "type": "Secret Keyword",
        "filename": "examples/travel-agent-demo.ts",
        "hashed_secret": "e4c7bc8bb831a3e16e5f5d7d62859f2f0c14ff35",
        "is_verified": false,
        "line_number": 19
      },
      {
        "type": "Secret Keyword",
        "filename": "examples/travel-agent-demo.ts",
        "hashed_secret": "3bee216ebc256d692260fc3adc765050508fef5e",
        "is_verified": false,
        "line_number": 177
      }
    ],
    "src/server/routers/trip-designer.router.ts": [
      {
        "type": "Secret Keyword",
        "filename": "src/server/routers/trip-designer.router.ts",
        "hashed_secret": "ecb252044b5ea0f679ee78ec1a12904739e2904d",
        "is_verified": false,
        "line_number": 77
      }
    ],
    "src/services/import/README.md": [
      {
        "type": "Secret Keyword",
        "filename": "src/services/import/README.md",
        "hashed_secret": "a219d7693c25cd2d93313512e200ff3eb374d281",
        "is_verified": false,
        "line_number": 190
      }
    ],
    "src/services/trip-designer/README.md": [
      {
        "type": "Secret Keyword",
        "filename": "src/services/trip-designer/README.md",
        "hashed_secret": "3acfb2c2b433c0ea7ff107e33df91b18e52f960f",
        "is_verified": false,
        "line_number": 201
      }
    ],
    "test-service-cache.mjs": [
      {
        "type": "Secret Keyword",
        "filename": "test-service-cache.mjs",
        "hashed_secret": "f5c1e19dea2ae0b6656435aff997c62ebb86d4a2",
        "is_verified": false,
        "line_number": 13
      },
      {
        "type": "Secret Keyword",
        "filename": "test-service-cache.mjs",
        "hashed_secret": "efb51e407dd71b8fba01a3102ee4e6d218e3326e",
        "is_verified": false,
        "line_number": 14
      }
    ],
    "tests/QUICK_START.md": [
      {
        "type": "Secret Keyword",
        "filename": "tests/QUICK_START.md",
        "hashed_secret": "de1d45360e7dfdcc54b1c84f274144dee7b4fba5",
        "is_verified": false,
        "line_number": 7
      },
      {
        "type": "Secret Keyword",
        "filename": "tests/QUICK_START.md",
        "hashed_secret": "96c682c88ed551f22fe76d206c2dfb7df9221ad9",
        "is_verified": false,
        "line_number": 157
      }
    ],
    "tests/e2e/QUICK_REFERENCE.md": [
      {
        "type": "Secret Keyword",
        "filename": "tests/e2e/QUICK_REFERENCE.md",
        "hashed_secret": "fb68266a0ecb6644636422a30ffe8948c8b3733e",
        "is_verified": false,
        "line_number": 7
      }
    ],
    "tests/e2e/README.md": [
      {
        "type": "Secret Keyword",
        "filename": "tests/e2e/README.md",
        "hashed_secret": "96c682c88ed551f22fe76d206c2dfb7df9221ad9",
        "is_verified": false,
        "line_number": 66
      }
    ],
    "tests/e2e/verify-setup.sh": [
      {
        "type": "Secret Keyword",
        "filename": "tests/e2e/verify-setup.sh",
        "hashed_secret": "96c682c88ed551f22fe76d206c2dfb7df9221ad9",
        "is_verified": false,
        "line_number": 22
      }
    ],
    "tests/eval/.commands": [
      {
        "type": "Secret Keyword",
        "filename": "tests/eval/.commands",
        "hashed_secret": "a8253456364f1bfc7da7ae4a1db5b45d106317a5",
        "is_verified": false,
        "line_number": 39
      }
    ],
    "tests/eval/QUICK_REFERENCE.md": [
      {
        "type": "Secret Keyword",
        "filename": "tests/eval/QUICK_REFERENCE.md",
        "hashed_secret": "a8253456364f1bfc7da7ae4a1db5b45d106317a5",
        "is_verified": false,
        "line_number": 143
      }
    ],
    "tests/eval/README.md": [
      {
        "type": "Secret Keyword",
        "filename": "tests/eval/README.md",
        "hashed_secret": "a8253456364f1bfc7da7ae4a1db5b45d106317a5",
        "is_verified": false,
        "line_number": 21
      }
    ],
    "tests/fixtures/itineraries/past-trip.json": [
      {
        "type": "Hex High Entropy String",
        "filename": "tests/fixtures/itineraries/past-trip.json",
        "hashed_secret": "fc7d73968c705687a525b95b64612876603bc12a",
        "is_verified": false,
        "line_number": 40
      }
    ],
    "tests/integration/api/IMPLEMENTATION_COMPLETE.md": [
      {
        "type": "Secret Keyword",
        "filename": "tests/integration/api/IMPLEMENTATION_COMPLETE.md",
        "hashed_secret": "73acb426949787c0c9d4adcb2ef5ceb101cb8d92",
        "is_verified": false,
        "line_number": 156
      }
    ],
    "tests/integration/api/QUICK_REFERENCE.md": [
      {
        "type": "Secret Keyword",
        "filename": "tests/integration/api/QUICK_REFERENCE.md",
        "hashed_secret": "73acb426949787c0c9d4adcb2ef5ceb101cb8d92",
        "is_verified": false,
        "line_number": 7
      },
      {
        "type": "Secret Keyword",
        "filename": "tests/integration/api/QUICK_REFERENCE.md",
        "hashed_secret": "96c682c88ed551f22fe76d206c2dfb7df9221ad9",
        "is_verified": false,
        "line_number": 245
      }
    ],
    "tests/integration/api/README.md": [
      {
        "type": "Secret Keyword",
        "filename": "tests/integration/api/README.md",
        "hashed_secret": "96c682c88ed551f22fe76d206c2dfb7df9221ad9",
        "is_verified": false,
        "line_number": 23
      }
    ],
    "tests/integration/api/validate-setup.mjs": [
      {
        "type": "Secret Keyword",
        "filename": "tests/integration/api/validate-setup.mjs",
        "hashed_secret": "96c682c88ed551f22fe76d206c2dfb7df9221ad9",
        "is_verified": false,
        "line_number": 128
      }
    ],
    "tests/integration/travel-agent-integration.test.ts": [
      {
        "type": "Secret Keyword",
        "filename": "tests/integration/travel-agent-integration.test.ts",
        "hashed_secret": "2e7a7ee14caebf378fc32d6cf6f557f347c96773",
        "is_verified": false,
        "line_number": 21
      }
    ],
    "tests/server/api.test.ts": [
      {
        "type": "Secret Keyword",
        "filename": "tests/server/api.test.ts",
        "hashed_secret": "2e7a7ee14caebf378fc32d6cf6f557f347c96773",
        "is_verified": false,
        "line_number": 99
      }
    ],
    "tests/services/metadata-enhancement.test.ts": [
      {
        "type": "Secret Keyword",
        "filename": "tests/services/metadata-enhancement.test.ts",
        "hashed_secret": "3acfb2c2b433c0ea7ff107e33df91b18e52f960f",
        "is_verified": false,
        "line_number": 18
      }
    ],
    "tests/services/travel-agent.service.test.ts": [
      {
        "type": "Secret Keyword",
        "filename": "tests/services/travel-agent.service.test.ts",
        "hashed_secret": "2e7a7ee14caebf378fc32d6cf6f557f347c96773",
        "is_verified": false,
        "line_number": 21
      }
    ],
    "tests/services/trip-designer/trip-designer.service.test.ts": [
      {
        "type": "Secret Keyword",
        "filename": "tests/services/trip-designer/trip-designer.service.test.ts",
        "hashed_secret": "2e7a7ee14caebf378fc32d6cf6f557f347c96773",
        "is_verified": false,
        "line_number": 20
      }
    ],
    "viewer-svelte/API_DOCUMENTATION.md": [
      {
        "type": "Secret Keyword",
        "filename": "viewer-svelte/API_DOCUMENTATION.md",
        "hashed_secret": "3e09ec74018281b103a10ed533d705ffd65b84d9",
        "is_verified": false,
        "line_number": 257
      }
    ],
    "viewer-svelte/API_TESTING_GUIDE.md": [
      {
        "type": "Secret Keyword",
        "filename": "viewer-svelte/API_TESTING_GUIDE.md",
        "hashed_secret": "3e09ec74018281b103a10ed533d705ffd65b84d9",
        "is_verified": false,
        "line_number": 298
      }
    ],
    "viewer-svelte/AUTH.md": [
      {
        "type": "Secret Keyword",
        "filename": "viewer-svelte/AUTH.md",
        "hashed_secret": "43eb940374d2e72858d68e71c847b87b22b59329",
        "is_verified": false,
        "line_number": 184
      }
    ],
    "viewer-svelte/AUTH_README.md": [
      {
        "type": "Secret Keyword",
        "filename": "viewer-svelte/AUTH_README.md",
        "hashed_secret": "ea112ed05e6bef8125d8a3b6eb19ddea3ff5d03e",
        "is_verified": false,
        "line_number": 225
      }
    ],
    "viewer-svelte/src/hooks.server.ts": [
      {
        "type": "Secret Keyword",
        "filename": "viewer-svelte/src/hooks.server.ts",
        "hashed_secret": "8fda38ce8e728e6e5d58dd4b5ff1bd4d6cba4a97",
        "is_verified": false,
        "line_number": 263
      }
    ],
    "viewer-svelte/src/lib/stores/auth.svelte.ts": [
      {
        "type": "Hex High Entropy String",
        "filename": "viewer-svelte/src/lib/stores/auth.svelte.ts",
        "hashed_secret": "d967d3d6aa147e43e25bb24b967e1a4bbca8fb9a",
        "is_verified": false,
        "line_number": 16
      },
      {
        "type": "Secret Keyword",
        "filename": "viewer-svelte/src/lib/stores/auth.svelte.ts",
        "hashed_secret": "d967d3d6aa147e43e25bb24b967e1a4bbca8fb9a",
        "is_verified": false,
        "line_number": 16
      }
    ],
    "viewer-svelte/src/lib/stores/settings.svelte.ts": [
      {
        "type": "Secret Keyword",
        "filename": "viewer-svelte/src/lib/stores/settings.svelte.ts",
        "hashed_secret": "b6efca632e7ecac714209dfba6208cef0c6c46c6",
        "is_verified": false,
        "line_number": 11
      }
    ],
    "viewer-svelte/src/routes/api/auth/demo-key/+server.ts": [
      {
        "type": "Secret Keyword",
        "filename": "viewer-svelte/src/routes/api/auth/demo-key/+server.ts",
        "hashed_secret": "8fda38ce8e728e6e5d58dd4b5ff1bd4d6cba4a97",
        "is_verified": false,
        "line_number": 14
      }
    ],
    "viewer-svelte/src/routes/api/auth/login/+server.ts": [
      {
        "type": "Secret Keyword",
        "filename": "viewer-svelte/src/routes/api/auth/login/+server.ts",
        "hashed_secret": "8fda38ce8e728e6e5d58dd4b5ff1bd4d6cba4a97",
        "is_verified": false,
        "line_number": 18
      }
    ],
    "viewer-svelte/src/routes/debug-api/+page.svelte": [
      {
        "type": "Secret Keyword",
        "filename": "viewer-svelte/src/routes/debug-api/+page.svelte",
        "hashed_secret": "08d2e98e6754af941484848930ccbaddfefe13d6",
        "is_verified": false,
        "line_number": 19
      }
    ]
  },
  "generated_at": "2025-12-31T14:13:01Z"
}
